apiVersion	string
kind	string
metadata	object
spec	object
spec.ach	object
spec.ach.baseUrl	string
spec.capability	object
spec.capability.environment	string
spec.capability.filter	object
spec.capability.filter.exclude	object
spec.capability.filter.exclude.mcpServers	array
spec.capability.filter.exclude.mcpServers[]	string
spec.capability.filter.exclude.skills	array
spec.capability.filter.exclude.skills[]	string
spec.capability.filter.exclude.tools	array
spec.capability.filter.exclude.tools[]	string
spec.channels	array
spec.channels[]	object
spec.channels[].a2a	object
spec.channels[].a2a.auth	object
spec.channels[].a2a.auth.header	string
spec.channels[].a2a.auth.secretRef	object
spec.channels[].a2a.auth.secretRef.key	string
spec.channels[].a2a.auth.secretRef.name	string
spec.channels[].cleanup	object
spec.channels[].cleanup.forwardEnv	array
spec.channels[].cleanup.forwardEnv[]	string
spec.channels[].cleanup.script	string
spec.channels[].cleanup.timeoutSeconds	integer
spec.channels[].concurrency	integer
spec.channels[].cron	object
spec.channels[].cron.schedule	string
spec.channels[].cron.timezone	string
spec.channels[].name	string
spec.channels[].prepare	object
spec.channels[].prepare.forwardEnv	array
spec.channels[].prepare.forwardEnv[]	string
spec.channels[].prepare.script	string
spec.channels[].prepare.timeoutSeconds	integer
spec.channels[].prompt	string
spec.channels[].queue	object
spec.channels[].queue.key	string
spec.channels[].session	object
spec.channels[].session.key	string
spec.channels[].session.maxTokens	integer
spec.channels[].session.overflow	string enum[compact,rotate]
spec.channels[].session.type	string enum[auto,custom,none]
spec.channels[].source	string enum[generic,github,gitlab]
spec.channels[].type	string enum[a2a,cron,queue,webhook]
spec.channels[].webhook	object
spec.channels[].webhook.auth	object
spec.channels[].webhook.auth.header	string
spec.channels[].webhook.auth.secretRef	object
spec.channels[].webhook.auth.secretRef.key	string
spec.channels[].webhook.auth.secretRef.name	string
spec.channels[].webhook.auth.type	string enum[gitlab_token,header_token,hmac,none]
spec.channels[].webhook.botUsername	string
spec.channels[].webhook.gitlabEvents	array
spec.channels[].webhook.gitlabEvents[]	string enum[issue,merge_request,note]
spec.channels[].webhook.triggerUsers	array
spec.channels[].webhook.triggerUsers[]	string
spec.cost	object
spec.cost.source	string
spec.engine	object
spec.engine.forwardEnv	array
spec.engine.forwardEnv[]	string
spec.engine.home	string
spec.engine.idleTtlSeconds	integer
spec.engine.maxToolCalls	integer
spec.engine.pi	object
spec.engine.pi.binaryPath	string
spec.engine.pi.mcpAdapterPath	string
spec.engine.startupTimeoutSeconds	integer
spec.engine.type	string
spec.engine.workDir	string
spec.env	array
spec.env[]	object
spec.env[].name	string
spec.env[].value	string
spec.env[].valueFrom	object
spec.env[].valueFrom.configMapKeyRef	object
spec.env[].valueFrom.configMapKeyRef.key	string
spec.env[].valueFrom.configMapKeyRef.name	string
spec.env[].valueFrom.configMapKeyRef.optional	boolean
spec.env[].valueFrom.fieldRef	object
spec.env[].valueFrom.fieldRef.apiVersion	string
spec.env[].valueFrom.fieldRef.fieldPath	string
spec.env[].valueFrom.fileKeyRef	object
spec.env[].valueFrom.fileKeyRef.key	string
spec.env[].valueFrom.fileKeyRef.optional	boolean
spec.env[].valueFrom.fileKeyRef.path	string
spec.env[].valueFrom.fileKeyRef.volumeName	string
spec.env[].valueFrom.resourceFieldRef	object
spec.env[].valueFrom.resourceFieldRef.containerName	string
spec.env[].valueFrom.resourceFieldRef.divisor	
spec.env[].valueFrom.resourceFieldRef.resource	string
spec.env[].valueFrom.secretKeyRef	object
spec.env[].valueFrom.secretKeyRef.key	string
spec.env[].valueFrom.secretKeyRef.name	string
spec.env[].valueFrom.secretKeyRef.optional	boolean
spec.expose	object
spec.expose.gateway	boolean
spec.expose.service	boolean
spec.health	object
spec.health.host	string
spec.health.port	integer
spec.identity	object
spec.identity.secretRef	object
spec.identity.secretRef.key	string
spec.identity.secretRef.name	string
spec.image	string
spec.limits	object
spec.limits.idempotencyWindowSeconds	integer
spec.limits.maxConcurrentInvocations	integer
spec.limits.maxInvocationSeconds	integer
spec.limits.maxQueuedTotal	integer
spec.limits.maxSteps	integer
spec.limits.terminalOutputRetries	integer
spec.mcpServers	array
spec.mcpServers[]	object
spec.mcpServers[].local	object
spec.mcpServers[].local.args	array
spec.mcpServers[].local.args[]	string
spec.mcpServers[].local.command	string
spec.mcpServers[].local.env	array
spec.mcpServers[].local.env[]	string
spec.mcpServers[].name	string
spec.mcpServers[].remote	object
spec.mcpServers[].remote.headers	object
spec.mcpServers[].remote.url	string
spec.mcpServers[].repoCheckout	object
spec.mcpServers[].repoCheckout.sourceMcpServerId	string
spec.mcpServers[].repoCheckout.tmpBase	string
spec.mcpServers[].repoCheckout.ttlSeconds	integer
spec.mcpServers[].type	string enum[local,remote,repoCheckout]
spec.memory	object
spec.memory.codemem	object
spec.memory.codemem.dbPath	string
spec.memory.codemem.project	string
spec.memory.hindsight	object
spec.memory.hindsight.auth	object
spec.memory.hindsight.auth.key	string
spec.memory.hindsight.auth.name	string
spec.memory.hindsight.bank	string
spec.memory.hindsight.endpoint	string
spec.memory.hindsight.mentalModels	array
spec.memory.hindsight.mentalModels[]	object
spec.memory.hindsight.mentalModels[].autoRefresh	boolean
spec.memory.hindsight.mentalModels[].id	string
spec.memory.hindsight.mentalModels[].maxTokens	integer
spec.memory.hindsight.mentalModels[].name	string
spec.memory.hindsight.mentalModels[].sourceQuery	string
spec.memory.hindsight.mission	string
spec.memory.type	string enum[codemem,hindsight]
spec.model	object
spec.model.name	string
spec.model.params	
spec.model.thinking	object
spec.model.thinking.effort	string
spec.model.thinking.enabled	boolean
spec.model.type	string enum[anthropic,gemini,openai]
spec.profileRef	object
spec.profileRef.name	string
spec.prompt	object
spec.prompt.compose	string enum[append,replace]
spec.prompt.system	object
spec.prompt.system.ach	string
spec.prompt.system.achFile	string
spec.prompt.system.file	string
spec.prompt.system.text	string
spec.prompt.system.type	string enum[ach,file,text]
status	object
status.conditions	array
status.conditions[]	object
status.conditions[].lastTransitionTime	string
status.conditions[].message	string
status.conditions[].observedGeneration	integer
status.conditions[].reason	string
status.conditions[].status	string enum[False,True,Unknown]
status.conditions[].type	string
status.gatewayURL	string
status.observedGeneration	integer
